// Jest Snapshot v1, https://goo.gl/fbAQLP

exports[`App component should render without throwing an error 1`] = `
<div
  id="reviews"
>
  <h2>
    <span
      id="review-header"
    >
      Recommended Reviews
    </span>
     for 
    
  </h2>
  <div
    id="reviews-search"
  >
    <span
      id="reviews-search-bar"
    >
      <input
        id="reviews-input"
        onChange={[Function]}
        type="text"
      />
      <button
        id="reviews-button"
        onClick={[Function]}
      />
    </span>
    <span
      id="reviews-sort"
    >
       
      <span>
        Sort By: 
      </span>
      <select
        id="sortBy"
        onChange={[Function]}
      >
        <option
          defaultValue={true}
          value="newestFirst"
        >
          Newest First
        </option>
        <option
          value="oldestFirst"
        >
          Oldest First
        </option>
        <option
          value="highestRated"
        >
          Highest Rated
        </option>
        <option
          value="lowestRated"
        >
          Lowest Rated
        </option>
      </select>
    </span>
  </div>
  <div
    className="review-list"
  />
  <ul
    className={undefined}
  >
    <li
      className="pages disabled"
    >
      <a
        className={undefined}
        href={undefined}
        onClick={[Function]}
        onKeyPress={[Function]}
        tabIndex="0"
      >
        &lt; Prev
      </a>
    </li>
    <li
      className="pages selectedPage"
    >
      <a
        aria-current="page"
        aria-label="Page 1 is your current page"
        className={undefined}
        href={undefined}
        onClick={[Function]}
        onKeyPress={[Function]}
        tabIndex="0"
      >
        1
      </a>
    </li>
    <li
      className="pages disabled"
    >
      <a
        className={undefined}
        href={undefined}
        onClick={[Function]}
        onKeyPress={[Function]}
        tabIndex="0"
      >
        Next &gt;
      </a>
    </li>
  </ul>
</div>
`;
